python : Traceback (most recent call last):
At line:1 char:1
+ python main.py --items 50 --days 200 --epochs 5 --stores 
2 --depts 3  ...
+ ~~~~~~~~~~~~~~~~~~~~~~~~~~~~~~~~~~~~~~~~~~~~~~~~~~~~~~~~~~
~~~~~~~~~~~
    + CategoryInfo          : NotSpecified: (Traceback (mos 
   t recent call last)::String) [], RemoteException
    + FullyQualifiedErrorId : NativeCommandError
 
  File "D:\desktop\projects\m5_siggnn\models\signature.py", 
line 32, in <module>
    from signatory import signature as sig_compute
ModuleNotFoundError: No module named 'signatory'

During handling of the above exception, another exception 
occurred:

Traceback (most recent call last):
  File "D:\desktop\projects\m5_siggnn\main.py", line 25, in 
<module>
    from models.signature import 
MultiScaleSignatureEncoder, get_signature_dim
  File "D:\desktop\projects\m5_siggnn\models\__init__.py", 
line 4, in <module>
    from .signature import MultiScaleSignatureEncoder
  File "D:\desktop\projects\m5_siggnn\models\signature.py", 
line 39, in <module>
    print("\u26a0\ufe0f signatory not found. Using manual 
signature approximation.")
  File "C:\Users\SHIVAM BHATT\AppData\Local\Programs\Python\
Python311\Lib\encodings\cp1252.py", line 19, in encode
    return 
codecs.charmap_encode(input,self.errors,encoding_table)[0]
           
^^^^^^^^^^^^^^^^^^^^^^^^^^^^^^^^^^^^^^^^^^^^^^^^^^^^^^^
UnicodeEncodeError: 'charmap' codec can't encode characters 
in position 0-1: character maps to <undefined>
